0 verbose cli /usr/bin/node /usr/bin/npm
1 info using npm@9.2.0
2 info using node@v20.19.2
3 timing npm:load:whichnode Completed in 1ms
4 timing config:load:defaults Completed in 1ms
5 timing config:load:file:/usr/share/nodejs/npm/npmrc Completed in 3ms
6 timing config:load:builtin Completed in 3ms
7 timing config:load:cli Completed in 2ms
8 timing config:load:env Completed in 0ms
9 timing config:load:project Completed in 4ms
10 timing config:load:file:/var/www/.npmrc Completed in 0ms
11 timing config:load:user Completed in 0ms
12 timing config:load:file:/etc/npmrc Completed in 0ms
13 timing config:load:global Completed in 0ms
14 timing config:load:setEnvs Completed in 1ms
15 timing config:load Completed in 12ms
16 timing npm:load:configload Completed in 12ms
17 timing npm:load:mkdirpcache Completed in 3ms
18 timing npm:load:mkdirplogs Completed in 5ms
19 verbose title npm install
20 verbose argv "install" "--loglevel" "verbose"
21 timing npm:load:setTitle Completed in 2ms
22 timing config:load:flatten Completed in 2ms
23 timing npm:load:display Completed in 4ms
24 verbose logfile logs-max:10 dir:/var/www/.npm/_logs/2025-12-06T07_52_32_526Z-
25 verbose logfile /var/www/.npm/_logs/2025-12-06T07_52_32_526Z-debug-0.log
26 timing npm:load:logFile Completed in 21ms
27 timing npm:load:timers Completed in 0ms
28 timing npm:load:configScope Completed in 1ms
29 timing npm:load Completed in 50ms
30 silly logfile done cleaning log files
31 timing config:load:flatten Completed in 0ms
32 timing arborist:ctor Completed in 0ms
33 timing arborist:ctor Completed in 0ms
34 timing idealTree:init Completed in 28ms
35 timing idealTree:userRequests Completed in 0ms
36 silly idealTree buildDeps
37 silly fetch manifest @headlessui/vue@^2.0.0
38 http fetch GET 200 https://registry.npmjs.org/@headlessui%2fvue 97ms (cache hit)
39 silly fetch manifest @inertiajs/vue3@^2.0.0
40 http fetch GET 200 https://registry.npmjs.org/@inertiajs%2fvue3 62ms (cache hit)
41 silly fetch manifest vue@^3.4.0
42 http fetch GET 200 https://registry.npmjs.org/vue 78ms (cache hit)
43 silly fetch manifest typescript@*
44 http fetch GET 200 https://registry.npmjs.org/typescript 180ms (cache hit)
45 silly fetch manifest @tailwindcss/forms@^0.5.3
46 http fetch GET 200 https://registry.npmjs.org/@tailwindcss%2fforms 84ms (cache hit)
47 silly fetch manifest tailwindcss@^3.2.1
48 http fetch GET 200 https://registry.npmjs.org/tailwindcss 107ms (cache hit)
49 silly fetch manifest @vitejs/plugin-vue@^5.0.0
50 http fetch GET 200 https://registry.npmjs.org/@vitejs%2fplugin-vue 68ms (cache hit)
51 silly fetch manifest vite@^5.0.0
52 http fetch GET 200 https://registry.npmjs.org/vite 90ms (cache hit)
53 silly fetch manifest @types/node@^18.0.0 || >=20.0.0
54 http fetch GET 200 https://registry.npmjs.org/@types%2fnode 93ms (cache hit)
55 silly fetch manifest less@*
56 http fetch GET 200 https://registry.npmjs.org/less 78ms (cache hit)
57 silly fetch manifest lightningcss@^1.21.0
58 http fetch GET 200 https://registry.npmjs.org/lightningcss 78ms (cache hit)
59 silly fetch manifest sass@*
60 http fetch GET 200 https://registry.npmjs.org/sass 74ms (cache hit)
61 silly fetch manifest sass-embedded@*
62 http fetch GET 200 https://registry.npmjs.org/sass-embedded 77ms (cache hit)
63 silly fetch manifest stylus@*
64 http fetch GET 200 https://registry.npmjs.org/stylus 68ms (cache hit)
65 silly fetch manifest sugarss@*
66 http fetch GET 200 https://registry.npmjs.org/sugarss 68ms (cache hit)
67 silly fetch manifest postcss@^8.4.31
68 http fetch GET 200 https://registry.npmjs.org/postcss 68ms (cache hit)
69 silly fetch manifest terser@^5.4.0
70 http fetch GET 200 https://registry.npmjs.org/terser 69ms (cache hit)
71 silly fetch manifest autoprefixer@^10.4.12
72 http fetch GET 200 https://registry.npmjs.org/autoprefixer 69ms (cache hit)
73 silly fetch manifest axios@^1.7.4
74 http fetch GET 200 https://registry.npmjs.org/axios 65ms (cache hit)
75 silly fetch manifest laravel-vite-plugin@^1.0
76 http fetch GET 200 https://registry.npmjs.org/laravel-vite-plugin 61ms (cache hit)
77 silly placeDep ROOT @headlessui/vue@ OK for:  want: ^2.0.0
78 silly placeDep ROOT @inertiajs/vue3@2.2.19 OK for:  want: ^2.0.0
79 silly placeDep ROOT vue@3.5.25 OK for: @inertiajs/vue3@2.2.19 want: ^3.0.0
80 silly placeDep ROOT @tailwindcss/forms@0.5.10 OK for:  want: ^0.5.3
81 silly placeDep ROOT tailwindcss@3.4.18 OK for: @tailwindcss/forms@0.5.10 want: >=3.0.0 || >= 3.0.0-alpha.1 || >= 4.0.0-alpha.20 || >= 4.0.0-beta.1
82 silly placeDep ROOT @vitejs/plugin-vue@5.2.4 OK for:  want: ^5.0.0
83 silly placeDep ROOT vite@5.4.21 OK for: @vitejs/plugin-vue@5.2.4 want: ^5.0.0 || ^6.0.0
84 silly placeDep ROOT autoprefixer@10.4.22 OK for:  want: ^10.4.12
85 silly placeDep ROOT postcss@8.5.6 OK for: autoprefixer@10.4.22 want: ^8.1.0
86 silly placeDep ROOT axios@1.13.2 OK for:  want: ^1.7.4
87 silly placeDep ROOT laravel-vite-plugin@1.3.0 OK for:  want: ^1.0
88 silly fetch manifest @types/lodash-es@^4.17.12
89 silly fetch manifest lodash-es@^4.17.21
90 silly fetch manifest @inertiajs/core@2.2.19
91 silly fetch manifest @vue/shared@3.5.25
92 silly fetch manifest @vue/runtime-dom@3.5.25
93 silly fetch manifest @vue/compiler-dom@3.5.25
94 silly fetch manifest @vue/compiler-sfc@3.5.25
95 silly fetch manifest @vue/server-renderer@3.5.25
96 silly fetch manifest mini-svg-data-uri@^1.2.3
97 silly fetch manifest arg@^5.0.2
98 silly fetch manifest dlv@^1.1.3
99 silly fetch manifest jiti@^1.21.7
100 silly fetch manifest is-glob@^4.0.3
101 silly fetch manifest resolve@^1.22.8
102 silly fetch manifest sucrase@^3.35.0
103 silly fetch manifest chokidar@^3.6.0
104 silly fetch manifest fast-glob@^3.3.2
105 silly fetch manifest lilconfig@^3.1.3
106 silly fetch manifest didyoumean@^1.2.2
107 silly fetch manifest micromatch@^4.0.8
108 silly fetch manifest picocolors@^1.1.1
109 silly fetch manifest postcss-js@^4.0.1
110 silly fetch manifest glob-parent@^6.0.2
111 silly fetch manifest object-hash@^3.0.0
112 silly fetch manifest normalize-path@^3.0.0
113 silly fetch manifest postcss-import@^15.1.0
114 silly fetch manifest postcss-nested@^6.2.0
115 silly fetch manifest @alloc/quick-lru@^5.2.0
116 silly fetch manifest postcss-load-config@^4.0.2 || ^5.0 || ^6.0
117 silly fetch manifest postcss-selector-parser@^6.1.2
118 silly fetch manifest rollup@^4.20.0
119 silly fetch manifest esbuild@^0.21.3
120 silly fetch manifest fsevents@~2.3.3
121 silly fetch manifest browserslist@^4.27.0
122 silly fetch manifest caniuse-lite@^1.0.30001754
123 silly fetch manifest fraction.js@^5.3.4
124 silly fetch manifest normalize-range@^0.1.2
125 silly fetch manifest postcss-value-parser@^4.2.0
126 silly fetch manifest nanoid@^3.3.11
127 silly fetch manifest source-map-js@^1.2.1
128 silly fetch manifest follow-redirects@^1.15.6
129 silly fetch manifest form-data@^4.0.4
130 silly fetch manifest proxy-from-env@^1.1.0
131 silly fetch manifest picocolors@^1.0.0
132 silly fetch manifest vite-plugin-full-reload@^1.1.0
133 http fetch GET 200 https://registry.npmjs.org/@types%2flodash-es 709ms (cache hit)
134 http fetch GET 200 https://registry.npmjs.org/lodash-es 712ms (cache hit)
135 http fetch GET 200 https://registry.npmjs.org/@inertiajs%2fcore 714ms (cache hit)
136 http fetch GET 200 https://registry.npmjs.org/@vue%2fcompiler-sfc 715ms (cache hit)
137 http fetch GET 200 https://registry.npmjs.org/mini-svg-data-uri 722ms (cache hit)
138 http fetch GET 200 https://registry.npmjs.org/@vue%2fshared 729ms (cache hit)
139 http fetch GET 200 https://registry.npmjs.org/@vue%2fcompiler-dom 731ms (cache hit)
140 http fetch GET 200 https://registry.npmjs.org/@vue%2fserver-renderer 735ms (cache hit)
141 http fetch GET 200 https://registry.npmjs.org/chokidar 729ms (cache hit)
142 http fetch GET 200 https://registry.npmjs.org/is-glob 737ms (cache hit)
143 http fetch GET 200 https://registry.npmjs.org/@vue%2fruntime-dom 748ms (cache hit)
144 http fetch GET 200 https://registry.npmjs.org/dlv 745ms (cache hit)
145 http fetch GET 200 https://registry.npmjs.org/glob-parent 735ms (cache hit)
146 http fetch GET 200 https://registry.npmjs.org/arg 750ms (cache hit)
147 http fetch GET 200 https://registry.npmjs.org/jiti 750ms (cache hit)
148 http fetch GET 200 https://registry.npmjs.org/sucrase 752ms (cache hit)
149 http fetch GET 200 https://registry.npmjs.org/fast-glob 754ms (cache hit)
150 http fetch GET 200 https://registry.npmjs.org/resolve 760ms (cache hit)
151 http fetch GET 200 https://registry.npmjs.org/lilconfig 759ms (cache hit)
152 http fetch GET 200 https://registry.npmjs.org/didyoumean 760ms (cache hit)
153 http fetch GET 200 https://registry.npmjs.org/picocolors 759ms (cache hit)
154 http fetch GET 200 https://registry.npmjs.org/normalize-path 756ms (cache hit)
155 http fetch GET 200 https://registry.npmjs.org/object-hash 759ms (cache hit)
156 http fetch GET 200 https://registry.npmjs.org/postcss-js 770ms (cache hit)
157 http fetch GET 200 https://registry.npmjs.org/micromatch 774ms (cache hit)
158 http fetch GET 200 https://registry.npmjs.org/@alloc%2fquick-lru 767ms (cache hit)
159 http fetch GET 200 https://registry.npmjs.org/postcss-nested 771ms (cache hit)
160 http fetch GET 200 https://registry.npmjs.org/postcss-import 774ms (cache hit)
161 http fetch GET 200 https://registry.npmjs.org/postcss-load-config 772ms (cache hit)
162 http fetch GET 200 https://registry.npmjs.org/postcss-selector-parser 772ms (cache hit)
163 http fetch GET 200 https://registry.npmjs.org/normalize-range 761ms (cache hit)
164 http fetch GET 200 https://registry.npmjs.org/fsevents 767ms (cache hit)
165 http fetch GET 200 https://registry.npmjs.org/browserslist 768ms (cache hit)
166 http fetch GET 200 https://registry.npmjs.org/source-map-js 763ms (cache hit)
167 http fetch GET 200 https://registry.npmjs.org/fraction.js 770ms (cache hit)
168 http fetch GET 200 https://registry.npmjs.org/esbuild 783ms (cache hit)
169 http fetch GET 200 https://registry.npmjs.org/nanoid 778ms (cache hit)
170 http fetch GET 200 https://registry.npmjs.org/postcss-value-parser 783ms (cache hit)
171 http fetch GET 200 https://registry.npmjs.org/form-data 780ms (cache hit)
172 http fetch GET 200 https://registry.npmjs.org/caniuse-lite 794ms (cache hit)
173 http fetch GET 200 https://registry.npmjs.org/rollup 816ms (cache hit)
174 http fetch GET 200 https://registry.npmjs.org/follow-redirects 821ms (cache hit)
175 http fetch GET 200 https://registry.npmjs.org/proxy-from-env 821ms (cache hit)
176 http fetch GET 200 https://registry.npmjs.org/picocolors 827ms (cache hit)
177 http fetch GET 200 https://registry.npmjs.org/vite-plugin-full-reload 827ms (cache hit)
178 timing idealTree:#root Completed in 2847ms
179 timing idealTree:node_modules/@headlessui/vue Completed in 0ms
180 silly placeDep ROOT @inertiajs/core@2.2.19 OK for: @inertiajs/vue3@2.2.19 want: 2.2.19
181 silly placeDep ROOT @types/lodash-es@4.17.12 OK for: @inertiajs/vue3@2.2.19 want: ^4.17.12
182 silly placeDep ROOT lodash-es@4.17.21 OK for: @inertiajs/vue3@2.2.19 want: ^4.17.21
183 silly fetch manifest qs@^6.14.0
184 silly fetch manifest @types/lodash@*
185 http fetch GET 200 https://registry.npmjs.org/qs 60ms (cache hit)
186 http fetch GET 200 https://registry.npmjs.org/@types%2flodash 62ms (cache hit)
187 timing idealTree:node_modules/@inertiajs/vue3 Completed in 72ms
188 silly placeDep ROOT qs@6.14.0 OK for: @inertiajs/core@2.2.19 want: ^6.14.0
189 silly fetch manifest side-channel@^1.1.0
190 http fetch GET 200 https://registry.npmjs.org/side-channel 78ms (cache hit)
191 timing idealTree:node_modules/@inertiajs/core Completed in 86ms
192 silly placeDep ROOT mini-svg-data-uri@1.4.4 OK for: @tailwindcss/forms@0.5.10 want: ^1.2.3
193 timing idealTree:node_modules/@tailwindcss/forms Completed in 2ms
194 silly placeDep ROOT @types/lodash@4.17.21 OK for: @types/lodash-es@4.17.12 want: *
195 timing idealTree:node_modules/@types/lodash-es Completed in 2ms
196 timing idealTree:node_modules/@types/lodash Completed in 0ms
197 timing idealTree:node_modules/@vitejs/plugin-vue Completed in 0ms
198 silly placeDep ROOT browserslist@4.28.1 OK for: autoprefixer@10.4.22 want: ^4.27.0
199 silly placeDep ROOT caniuse-lite@1.0.30001759 OK for: autoprefixer@10.4.22 want: ^1.0.30001754
200 silly placeDep ROOT fraction.js@5.3.4 OK for: autoprefixer@10.4.22 want: ^5.3.4
201 silly placeDep ROOT normalize-range@0.1.2 OK for: autoprefixer@10.4.22 want: ^0.1.2
202 silly placeDep ROOT picocolors@1.1.1 OK for: autoprefixer@10.4.22 want: ^1.1.1
203 silly placeDep ROOT postcss-value-parser@4.2.0 OK for: autoprefixer@10.4.22 want: ^4.2.0
204 silly fetch manifest baseline-browser-mapping@^2.9.0
205 silly fetch manifest electron-to-chromium@^1.5.263
206 silly fetch manifest node-releases@^2.0.27
207 silly fetch manifest update-browserslist-db@^1.2.0
208 http fetch GET 200 https://registry.npmjs.org/update-browserslist-db 82ms (cache hit)
209 http fetch GET 200 https://registry.npmjs.org/baseline-browser-mapping 93ms (cache hit)
210 http fetch GET 200 https://registry.npmjs.org/node-releases 93ms (cache hit)
211 http fetch GET 200 https://registry.npmjs.org/electron-to-chromium 116ms (cache hit)
212 timing idealTree:node_modules/autoprefixer Completed in 141ms
213 silly placeDep ROOT follow-redirects@1.15.11 OK for: axios@1.13.2 want: ^1.15.6
214 silly placeDep ROOT form-data@4.0.5 OK for: axios@1.13.2 want: ^4.0.4
215 silly placeDep ROOT proxy-from-env@1.1.0 OK for: axios@1.13.2 want: ^1.1.0
216 silly fetch manifest asynckit@^0.4.0
217 silly fetch manifest combined-stream@^1.0.8
218 silly fetch manifest es-set-tostringtag@^2.1.0
219 silly fetch manifest hasown@^2.0.2
220 silly fetch manifest mime-types@^2.1.12
221 http fetch GET 200 https://registry.npmjs.org/es-set-tostringtag 70ms (cache hit)
222 http fetch GET 200 https://registry.npmjs.org/combined-stream 72ms (cache hit)
223 http fetch GET 200 https://registry.npmjs.org/asynckit 77ms (cache hit)
224 http fetch GET 200 https://registry.npmjs.org/hasown 77ms (cache hit)
225 http fetch GET 200 https://registry.npmjs.org/mime-types 78ms (cache hit)
226 timing idealTree:node_modules/axios Completed in 92ms
227 silly fetch manifest browserslist@>= 4.21.0
228 silly placeDep ROOT baseline-browser-mapping@2.9.3 OK for: browserslist@4.28.1 want: ^2.9.0
229 silly placeDep ROOT electron-to-chromium@1.5.266 OK for: browserslist@4.28.1 want: ^1.5.263
230 silly placeDep ROOT node-releases@2.0.27 OK for: browserslist@4.28.1 want: ^2.0.27
231 silly placeDep ROOT update-browserslist-db@1.2.2 OK for: browserslist@4.28.1 want: ^1.2.0
232 silly fetch manifest escalade@^3.2.0
233 http fetch GET 200 https://registry.npmjs.org/escalade 64ms (cache hit)
234 timing idealTree:node_modules/browserslist Completed in 75ms
235 timing idealTree:node_modules/baseline-browser-mapping Completed in 0ms
236 timing idealTree:node_modules/caniuse-lite Completed in 0ms
237 timing idealTree:node_modules/electron-to-chromium Completed in 0ms
238 timing idealTree:node_modules/follow-redirects Completed in 0ms
239 silly placeDep ROOT asynckit@0.4.0 OK for: form-data@4.0.5 want: ^0.4.0
240 silly placeDep ROOT combined-stream@1.0.8 OK for: form-data@4.0.5 want: ^1.0.8
241 silly placeDep ROOT es-set-tostringtag@2.1.0 OK for: form-data@4.0.5 want: ^2.1.0
242 silly placeDep ROOT hasown@2.0.2 OK for: form-data@4.0.5 want: ^2.0.2
243 silly placeDep ROOT mime-types@2.1.35 OK for: form-data@4.0.5 want: ^2.1.12
244 silly fetch manifest delayed-stream@~1.0.0
245 silly fetch manifest es-errors@^1.3.0
246 silly fetch manifest get-intrinsic@^1.2.6
247 silly fetch manifest has-tostringtag@^1.0.2
248 silly fetch manifest function-bind@^1.1.2
249 silly fetch manifest mime-db@1.52.0
250 http fetch GET 200 https://registry.npmjs.org/function-bind 90ms (cache hit)
251 http fetch GET 200 https://registry.npmjs.org/has-tostringtag 92ms (cache hit)
252 http fetch GET 200 https://registry.npmjs.org/es-errors 97ms (cache hit)
253 http fetch GET 200 https://registry.npmjs.org/get-intrinsic 98ms (cache hit)
254 http fetch GET 200 https://registry.npmjs.org/delayed-stream 102ms (cache hit)
255 http fetch GET 200 https://registry.npmjs.org/mime-db 100ms (cache hit)
256 timing idealTree:node_modules/form-data Completed in 115ms
257 timing idealTree:node_modules/asynckit Completed in 0ms
258 silly placeDep ROOT delayed-stream@1.0.0 OK for: combined-stream@1.0.8 want: ~1.0.0
259 timing idealTree:node_modules/combined-stream Completed in 2ms
260 timing idealTree:node_modules/delayed-stream Completed in 1ms
261 silly placeDep ROOT es-errors@1.3.0 OK for: es-set-tostringtag@2.1.0 want: ^1.3.0
262 silly placeDep ROOT get-intrinsic@1.3.0 OK for: es-set-tostringtag@2.1.0 want: ^1.2.6
263 silly placeDep ROOT has-tostringtag@1.0.2 OK for: es-set-tostringtag@2.1.0 want: ^1.0.2
264 silly fetch manifest gopd@^1.2.0
265 silly fetch manifest get-proto@^1.0.1
266 silly fetch manifest has-symbols@^1.1.0
267 silly fetch manifest es-object-atoms@^1.1.1
268 silly fetch manifest math-intrinsics@^1.1.0
269 silly fetch manifest es-define-property@^1.0.1
270 silly fetch manifest call-bind-apply-helpers@^1.0.2
271 silly fetch manifest has-symbols@^1.0.3
272 http fetch GET 200 https://registry.npmjs.org/has-symbols 106ms (cache hit)
273 http fetch GET 200 https://registry.npmjs.org/has-symbols 101ms (cache hit)
274 http fetch GET 200 https://registry.npmjs.org/math-intrinsics 108ms (cache hit)
275 http fetch GET 200 https://registry.npmjs.org/get-proto 115ms (cache hit)
276 http fetch GET 200 https://registry.npmjs.org/gopd 118ms (cache hit)
277 http fetch GET 200 https://registry.npmjs.org/es-object-atoms 116ms (cache hit)
278 http fetch GET 200 https://registry.npmjs.org/es-define-property 116ms (cache hit)
279 http fetch GET 200 https://registry.npmjs.org/call-bind-apply-helpers 116ms (cache hit)
280 timing idealTree:node_modules/es-set-tostringtag Completed in 129ms
281 timing idealTree:node_modules/es-errors Completed in 0ms
282 timing idealTree:node_modules/fraction.js Completed in 0ms
283 silly placeDep ROOT call-bind-apply-helpers@1.0.2 OK for: get-intrinsic@1.3.0 want: ^1.0.2
284 silly placeDep ROOT es-define-property@1.0.1 OK for: get-intrinsic@1.3.0 want: ^1.0.1
285 silly placeDep ROOT es-object-atoms@1.1.1 OK for: get-intrinsic@1.3.0 want: ^1.1.1
286 silly placeDep ROOT function-bind@1.1.2 OK for: get-intrinsic@1.3.0 want: ^1.1.2
287 silly placeDep ROOT get-proto@1.0.1 OK for: get-intrinsic@1.3.0 want: ^1.0.1
288 silly placeDep ROOT gopd@1.2.0 OK for: get-intrinsic@1.3.0 want: ^1.2.0
289 silly placeDep ROOT has-symbols@1.1.0 OK for: get-intrinsic@1.3.0 want: ^1.1.0
290 silly placeDep ROOT math-intrinsics@1.1.0 OK for: get-intrinsic@1.3.0 want: ^1.1.0
291 silly fetch manifest dunder-proto@^1.0.1
292 http fetch GET 200 https://registry.npmjs.org/dunder-proto 63ms (cache hit)
293 timing idealTree:node_modules/get-intrinsic Completed in 80ms
294 timing idealTree:node_modules/call-bind-apply-helpers Completed in 0ms
295 timing idealTree:node_modules/es-define-property Completed in 0ms
296 timing idealTree:node_modules/es-object-atoms Completed in 0ms
297 timing idealTree:node_modules/function-bind Completed in 0ms
298 silly placeDep ROOT dunder-proto@1.0.1 OK for: get-proto@1.0.1 want: ^1.0.1
299 timing idealTree:node_modules/get-proto Completed in 3ms
300 timing idealTree:node_modules/dunder-proto Completed in 0ms
301 timing idealTree:node_modules/gopd Completed in 0ms
302 timing idealTree:node_modules/has-symbols Completed in 0ms
303 timing idealTree:node_modules/has-tostringtag Completed in 0ms
304 timing idealTree:node_modules/hasown Completed in 0ms
305 silly placeDep ROOT vite-plugin-full-reload@1.2.0 OK for: laravel-vite-plugin@1.3.0 want: ^1.1.0
306 silly fetch manifest picomatch@^2.3.1
307 http fetch GET 200 https://registry.npmjs.org/picomatch 61ms (cache hit)
308 timing idealTree:node_modules/laravel-vite-plugin Completed in 66ms
309 timing idealTree:node_modules/lodash-es Completed in 0ms
310 timing idealTree:node_modules/math-intrinsics Completed in 0ms
311 silly placeDep ROOT mime-db@1.52.0 OK for: mime-types@2.1.35 want: 1.52.0
312 timing idealTree:node_modules/mime-types Completed in 2ms
313 timing idealTree:node_modules/mime-db Completed in 0ms
314 timing idealTree:node_modules/mini-svg-data-uri Completed in 0ms
315 timing idealTree:node_modules/node-releases Completed in 0ms
316 timing idealTree:node_modules/normalize-range Completed in 0ms
317 timing idealTree:node_modules/picocolors Completed in 0ms
318 silly placeDep ROOT nanoid@3.3.11 OK for: postcss@8.5.6 want: ^3.3.11
319 silly placeDep ROOT source-map-js@1.2.1 OK for: postcss@8.5.6 want: ^1.2.1
320 timing idealTree:node_modules/postcss Completed in 4ms
321 timing idealTree:node_modules/nanoid Completed in 0ms
322 timing idealTree:node_modules/postcss-value-parser Completed in 0ms
323 timing idealTree:node_modules/proxy-from-env Completed in 0ms
324 silly placeDep ROOT side-channel@1.1.0 OK for: qs@6.14.0 want: ^1.1.0
325 silly fetch manifest object-inspect@^1.13.3
326 silly fetch manifest side-channel-list@^1.0.0
327 silly fetch manifest side-channel-map@^1.0.1
328 silly fetch manifest side-channel-weakmap@^1.0.2
329 http fetch GET 200 https://registry.npmjs.org/side-channel-weakmap 61ms (cache hit)
330 http fetch GET 200 https://registry.npmjs.org/object-inspect 67ms (cache hit)
331 http fetch GET 200 https://registry.npmjs.org/side-channel-list 69ms (cache hit)
332 http fetch GET 200 https://registry.npmjs.org/side-channel-map 70ms (cache hit)
333 timing idealTree:node_modules/qs Completed in 76ms
334 silly placeDep ROOT object-inspect@1.13.4 OK for: side-channel@1.1.0 want: ^1.13.3
335 silly placeDep ROOT side-channel-list@1.0.0 OK for: side-channel@1.1.0 want: ^1.0.0
336 silly placeDep ROOT side-channel-map@1.0.1 OK for: side-channel@1.1.0 want: ^1.0.1
337 silly placeDep ROOT side-channel-weakmap@1.0.2 OK for: side-channel@1.1.0 want: ^1.0.2
338 silly fetch manifest call-bound@^1.0.2
339 http fetch GET 200 https://registry.npmjs.org/call-bound 60ms (cache hit)
340 timing idealTree:node_modules/side-channel Completed in 71ms
341 timing idealTree:node_modules/object-inspect Completed in 0ms
342 timing idealTree:node_modules/side-channel-list Completed in 0ms
343 silly placeDep ROOT call-bound@1.0.4 OK for: side-channel-map@1.0.1 want: ^1.0.2
344 timing idealTree:node_modules/side-channel-map Completed in 2ms
345 timing idealTree:node_modules/call-bound Completed in 0ms
346 timing idealTree:node_modules/side-channel-weakmap Completed in 0ms
347 timing idealTree:node_modules/source-map-js Completed in 0ms
348 silly fetch manifest postcss@^8.4.47
349 silly fetch manifest tsx@^4.8.1
350 http fetch GET 200 https://registry.npmjs.org/tsx 65ms (cache hit)
351 silly fetch manifest yaml@^2.4.2
352 http fetch GET 200 https://registry.npmjs.org/yaml 59ms (cache hit)
353 silly placeDep ROOT @alloc/quick-lru@5.2.0 OK for: tailwindcss@3.4.18 want: ^5.2.0
354 silly placeDep ROOT arg@5.0.2 OK for: tailwindcss@3.4.18 want: ^5.0.2
355 silly placeDep ROOT chokidar@3.6.0 OK for: tailwindcss@3.4.18 want: ^3.6.0
356 silly placeDep ROOT didyoumean@1.2.2 OK for: tailwindcss@3.4.18 want: ^1.2.2
357 silly placeDep ROOT dlv@1.1.3 OK for: tailwindcss@3.4.18 want: ^1.1.3
358 silly placeDep ROOT fast-glob@3.3.3 OK for: tailwindcss@3.4.18 want: ^3.3.2
359 silly placeDep ROOT glob-parent@6.0.2 OK for: tailwindcss@3.4.18 want: ^6.0.2
360 silly placeDep ROOT is-glob@4.0.3 OK for: tailwindcss@3.4.18 want: ^4.0.3
361 silly placeDep ROOT jiti@1.21.7 OK for: tailwindcss@3.4.18 want: ^1.21.7
362 silly placeDep ROOT lilconfig@3.1.3 OK for: tailwindcss@3.4.18 want: ^3.1.3
363 silly placeDep ROOT micromatch@4.0.8 OK for: tailwindcss@3.4.18 want: ^4.0.8
364 silly placeDep ROOT normalize-path@3.0.0 OK for: tailwindcss@3.4.18 want: ^3.0.0
365 silly placeDep ROOT object-hash@3.0.0 OK for: tailwindcss@3.4.18 want: ^3.0.0
366 silly placeDep ROOT postcss-import@15.1.0 OK for: tailwindcss@3.4.18 want: ^15.1.0
367 silly placeDep ROOT postcss-js@4.1.0 OK for: tailwindcss@3.4.18 want: ^4.0.1
368 silly placeDep ROOT postcss-load-config@6.0.1 OK for: tailwindcss@3.4.18 want: ^4.0.2 || ^5.0 || ^6.0
369 silly placeDep ROOT postcss-nested@6.2.0 OK for: tailwindcss@3.4.18 want: ^6.2.0
370 silly placeDep ROOT postcss-selector-parser@6.1.2 OK for: tailwindcss@3.4.18 want: ^6.1.2
371 silly placeDep ROOT resolve@1.22.11 OK for: tailwindcss@3.4.18 want: ^1.22.8
372 silly placeDep ROOT sucrase@3.35.1 OK for: tailwindcss@3.4.18 want: ^3.35.0
373 silly fetch manifest braces@~3.0.2
374 silly fetch manifest anymatch@~3.1.2
375 silly fetch manifest readdirp@~3.6.0
376 silly fetch manifest glob-parent@~5.1.2
377 silly fetch manifest is-binary-path@~2.1.0
378 silly fetch manifest fsevents@~2.3.2
379 silly fetch manifest @nodelib/fs.stat@^2.0.2
380 silly fetch manifest @nodelib/fs.walk@^1.2.3
381 silly fetch manifest glob-parent@^5.1.2
382 silly fetch manifest merge2@^1.3.0
383 silly fetch manifest is-extglob@^2.1.1
384 silly fetch manifest braces@^3.0.3
385 silly fetch manifest read-cache@^1.0.0
386 silly fetch manifest camelcase-css@^2.0.1
387 silly fetch manifest cssesc@^3.0.0
388 silly fetch manifest util-deprecate@^1.0.2
389 silly fetch manifest is-core-module@^2.16.1
390 silly fetch manifest path-parse@^1.0.7
391 silly fetch manifest supports-preserve-symlinks-flag@^1.0.0
392 silly fetch manifest @jridgewell/gen-mapping@^0.3.2
393 silly fetch manifest commander@^4.0.0
394 silly fetch manifest lines-and-columns@^1.1.6
395 silly fetch manifest mz@^2.7.0
396 silly fetch manifest pirates@^4.0.1
397 silly fetch manifest tinyglobby@^0.2.11
398 silly fetch manifest ts-interface-checker@^0.1.9
399 http fetch GET 200 https://registry.npmjs.org/merge2 341ms (cache hit)
400 http fetch GET 200 https://registry.npmjs.org/@nodelib%2ffs.stat 347ms (cache hit)
401 http fetch GET 200 https://registry.npmjs.org/@nodelib%2ffs.walk 348ms (cache hit)
402 http fetch GET 200 https://registry.npmjs.org/braces 343ms (cache hit)
403 http fetch GET 200 https://registry.npmjs.org/braces 362ms (cache hit)
404 http fetch GET 200 https://registry.npmjs.org/anymatch 362ms (cache hit)
405 http fetch GET 200 https://registry.npmjs.org/is-binary-path 361ms (cache hit)
406 http fetch GET 200 https://registry.npmjs.org/camelcase-css 349ms (cache hit)
407 http fetch GET 200 https://registry.npmjs.org/readdirp 366ms (cache hit)
408 http fetch GET 200 https://registry.npmjs.org/is-extglob 359ms (cache hit)
409 http fetch GET 200 https://registry.npmjs.org/lines-and-columns 347ms (cache hit)
410 http fetch GET 200 https://registry.npmjs.org/path-parse 353ms (cache hit)
411 http fetch GET 200 https://registry.npmjs.org/cssesc 358ms (cache hit)
412 http fetch GET 200 https://registry.npmjs.org/util-deprecate 359ms (cache hit)
413 http fetch GET 200 https://registry.npmjs.org/is-core-module 358ms (cache hit)
414 http fetch GET 200 https://registry.npmjs.org/supports-preserve-symlinks-flag 359ms (cache hit)
415 http fetch GET 200 https://registry.npmjs.org/commander 359ms (cache hit)
416 http fetch GET 200 https://registry.npmjs.org/@jridgewell%2fgen-mapping 363ms (cache hit)
417 http fetch GET 200 https://registry.npmjs.org/read-cache 372ms (cache hit)
418 http fetch GET 200 https://registry.npmjs.org/mz 363ms (cache hit)
419 http fetch GET 200 https://registry.npmjs.org/pirates 365ms (cache hit)
420 http fetch GET 200 https://registry.npmjs.org/ts-interface-checker 366ms (cache hit)
421 http fetch GET 200 https://registry.npmjs.org/tinyglobby 369ms (cache hit)
422 timing idealTree:node_modules/tailwindcss Completed in 575ms
423 timing idealTree:node_modules/@alloc/quick-lru Completed in 0ms
424 timing idealTree:node_modules/arg Completed in 0ms
425 silly placeDep ROOT anymatch@3.1.3 OK for: chokidar@3.6.0 want: ~3.1.2
426 silly placeDep ROOT braces@3.0.3 OK for: chokidar@3.6.0 want: ~3.0.2
427 silly placeDep ROOT fsevents@2.3.3 OK for: chokidar@3.6.0 want: ~2.3.2
428 silly placeDep node_modules/chokidar glob-parent@5.1.2 OK for: chokidar@3.6.0 want: ~5.1.2
429 silly placeDep ROOT is-binary-path@2.1.0 OK for: chokidar@3.6.0 want: ~2.1.0
430 silly placeDep ROOT readdirp@3.6.0 OK for: chokidar@3.6.0 want: ~3.6.0
431 silly fetch manifest picomatch@^2.0.4
432 silly fetch manifest fill-range@^7.1.1
433 silly fetch manifest binary-extensions@^2.0.0
434 silly fetch manifest picomatch@^2.2.1
435 http fetch GET 200 https://registry.npmjs.org/binary-extensions 73ms (cache hit)
436 http fetch GET 200 https://registry.npmjs.org/fill-range 77ms (cache hit)
437 timing idealTree:node_modules/chokidar Completed in 92ms
438 silly placeDep ROOT picomatch@2.3.1 OK for: anymatch@3.1.3 want: ^2.0.4
439 timing idealTree:node_modules/anymatch Completed in 4ms
440 silly placeDep ROOT fill-range@7.1.1 OK for: braces@3.0.3 want: ^7.1.1
441 silly fetch manifest to-regex-range@^5.0.1
442 http fetch GET 200 https://registry.npmjs.org/to-regex-range 59ms (cache hit)
443 timing idealTree:node_modules/braces Completed in 62ms
444 timing idealTree:node_modules/didyoumean Completed in 0ms
445 timing idealTree:node_modules/dlv Completed in 0ms
446 silly placeDep ROOT @nodelib/fs.stat@2.0.5 OK for: fast-glob@3.3.3 want: ^2.0.2
447 silly placeDep ROOT @nodelib/fs.walk@1.2.8 OK for: fast-glob@3.3.3 want: ^1.2.3
448 silly placeDep node_modules/fast-glob glob-parent@5.1.2 OK for: fast-glob@3.3.3 want: ^5.1.2
449 silly placeDep ROOT merge2@1.4.1 OK for: fast-glob@3.3.3 want: ^1.3.0
450 silly fetch manifest fastq@^1.6.0
451 silly fetch manifest @nodelib/fs.scandir@2.1.5
452 http fetch GET 200 https://registry.npmjs.org/@nodelib%2ffs.scandir 64ms (cache hit)
453 http fetch GET 200 https://registry.npmjs.org/fastq 68ms (cache hit)
454 timing idealTree:node_modules/fast-glob Completed in 79ms
455 timing idealTree:node_modules/@nodelib/fs.stat Completed in 1ms
456 silly placeDep ROOT @nodelib/fs.scandir@2.1.5 OK for: @nodelib/fs.walk@1.2.8 want: 2.1.5
457 silly placeDep ROOT fastq@1.19.1 OK for: @nodelib/fs.walk@1.2.8 want: ^1.6.0
458 silly fetch manifest run-parallel@^1.1.9
459 silly fetch manifest reusify@^1.0.4
460 http fetch GET 200 https://registry.npmjs.org/run-parallel 59ms (cache hit)
461 http fetch GET 200 https://registry.npmjs.org/reusify 60ms (cache hit)
462 timing idealTree:node_modules/@nodelib/fs.walk Completed in 71ms
463 silly placeDep ROOT run-parallel@1.2.0 OK for: @nodelib/fs.scandir@2.1.5 want: ^1.1.9
464 silly fetch manifest queue-microtask@^1.2.2
465 http fetch GET 200 https://registry.npmjs.org/queue-microtask 61ms (cache hit)
466 timing idealTree:node_modules/@nodelib/fs.scandir Completed in 67ms
467 silly placeDep ROOT reusify@1.1.0 OK for: fastq@1.19.1 want: ^1.0.4
468 timing idealTree:node_modules/fastq Completed in 2ms
469 silly placeDep ROOT to-regex-range@5.0.1 OK for: fill-range@7.1.1 want: ^5.0.1
470 silly fetch manifest is-number@^7.0.0
471 http fetch GET 200 https://registry.npmjs.org/is-number 68ms (cache hit)
472 timing idealTree:node_modules/fill-range Completed in 71ms
473 timing idealTree:node_modules/fsevents Completed in 0ms
474 timing idealTree:node_modules/glob-parent Completed in 0ms
475 silly placeDep ROOT binary-extensions@2.3.0 OK for: is-binary-path@2.1.0 want: ^2.0.0
476 timing idealTree:node_modules/is-binary-path Completed in 2ms
477 timing idealTree:node_modules/binary-extensions Completed in 0ms
478 silly placeDep ROOT is-extglob@2.1.1 OK for: is-glob@4.0.3 want: ^2.1.1
479 timing idealTree:node_modules/is-glob Completed in 1ms
480 timing idealTree:node_modules/is-extglob Completed in 0ms
481 timing idealTree:node_modules/jiti Completed in 0ms
482 timing idealTree:node_modules/lilconfig Completed in 0ms
483 timing idealTree:node_modules/merge2 Completed in 0ms
484 timing idealTree:node_modules/micromatch Completed in 0ms
485 timing idealTree:node_modules/normalize-path Completed in 0ms
486 timing idealTree:node_modules/object-hash Completed in 0ms
487 timing idealTree:node_modules/picomatch Completed in 0ms
488 silly placeDep ROOT read-cache@1.0.0 OK for: postcss-import@15.1.0 want: ^1.0.0
489 silly fetch manifest pify@^2.3.0
490 http fetch GET 200 https://registry.npmjs.org/pify 65ms (cache hit)
491 timing idealTree:node_modules/postcss-import Completed in 71ms
492 silly placeDep ROOT camelcase-css@2.0.1 OK for: postcss-js@4.1.0 want: ^2.0.1
493 timing idealTree:node_modules/postcss-js Completed in 2ms
494 timing idealTree:node_modules/camelcase-css Completed in 0ms
495 timing idealTree:node_modules/postcss-load-config Completed in 0ms
496 timing idealTree:node_modules/postcss-nested Completed in 0ms
497 silly placeDep ROOT cssesc@3.0.0 OK for: postcss-selector-parser@6.1.2 want: ^3.0.0
498 silly placeDep ROOT util-deprecate@1.0.2 OK for: postcss-selector-parser@6.1.2 want: ^1.0.2
499 timing idealTree:node_modules/postcss-selector-parser Completed in 4ms
500 timing idealTree:node_modules/cssesc Completed in 0ms
501 silly placeDep ROOT pify@2.3.0 OK for: read-cache@1.0.0 want: ^2.3.0
502 timing idealTree:node_modules/read-cache Completed in 1ms
503 timing idealTree:node_modules/pify Completed in 0ms
504 timing idealTree:node_modules/readdirp Completed in 0ms
505 silly placeDep ROOT is-core-module@2.16.1 OK for: resolve@1.22.11 want: ^2.16.1
506 silly placeDep ROOT path-parse@1.0.7 OK for: resolve@1.22.11 want: ^1.0.7
507 silly placeDep ROOT supports-preserve-symlinks-flag@1.0.0 OK for: resolve@1.22.11 want: ^1.0.0
508 timing idealTree:node_modules/resolve Completed in 4ms
509 timing idealTree:node_modules/is-core-module Completed in 0ms
510 timing idealTree:node_modules/path-parse Completed in 0ms
511 timing idealTree:node_modules/reusify Completed in 0ms
512 silly placeDep ROOT queue-microtask@1.2.3 OK for: run-parallel@1.2.0 want: ^1.2.2
513 timing idealTree:node_modules/run-parallel Completed in 1ms
514 timing idealTree:node_modules/queue-microtask Completed in 0ms
515 silly placeDep ROOT @jridgewell/gen-mapping@0.3.13 OK for: sucrase@3.35.1 want: ^0.3.2
516 silly placeDep ROOT commander@4.1.1 OK for: sucrase@3.35.1 want: ^4.0.0
517 silly placeDep ROOT lines-and-columns@1.2.4 OK for: sucrase@3.35.1 want: ^1.1.6
518 silly placeDep ROOT mz@2.7.0 OK for: sucrase@3.35.1 want: ^2.7.0
519 silly placeDep ROOT pirates@4.0.7 OK for: sucrase@3.35.1 want: ^4.0.1
520 silly placeDep ROOT tinyglobby@0.2.15 OK for: sucrase@3.35.1 want: ^0.2.11
521 silly placeDep ROOT ts-interface-checker@0.1.13 OK for: sucrase@3.35.1 want: ^0.1.9
522 silly fetch manifest @jridgewell/sourcemap-codec@^1.5.0
523 silly fetch manifest @jridgewell/trace-mapping@^0.3.24
524 silly fetch manifest any-promise@^1.0.0
525 silly fetch manifest object-assign@^4.0.1
526 silly fetch manifest thenify-all@^1.0.0
527 silly fetch manifest fdir@^6.5.0
528 silly fetch manifest picomatch@^4.0.3
529 http fetch GET 200 https://registry.npmjs.org/object-assign 99ms (cache hit)
530 http fetch GET 200 https://registry.npmjs.org/fdir 98ms (cache hit)
531 http fetch GET 200 https://registry.npmjs.org/any-promise 108ms (cache hit)
532 http fetch GET 200 https://registry.npmjs.org/@jridgewell%2fsourcemap-codec 112ms (cache hit)
533 http fetch GET 200 https://registry.npmjs.org/@jridgewell%2ftrace-mapping 113ms (cache hit)
534 http fetch GET 200 https://registry.npmjs.org/thenify-all 112ms (cache hit)
535 timing idealTree:node_modules/sucrase Completed in 130ms
536 silly placeDep ROOT @jridgewell/sourcemap-codec@1.5.5 OK for: @jridgewell/gen-mapping@0.3.13 want: ^1.5.0
537 silly placeDep ROOT @jridgewell/trace-mapping@0.3.31 OK for: @jridgewell/gen-mapping@0.3.13 want: ^0.3.24
538 silly fetch manifest @jridgewell/resolve-uri@^3.1.0
539 http fetch GET 200 https://registry.npmjs.org/@jridgewell%2fresolve-uri 61ms (cache hit)
540 timing idealTree:node_modules/@jridgewell/gen-mapping Completed in 68ms
541 timing idealTree:node_modules/@jridgewell/sourcemap-codec Completed in 0ms
542 silly placeDep ROOT @jridgewell/resolve-uri@3.1.2 OK for: @jridgewell/trace-mapping@0.3.31 want: ^3.1.0
543 timing idealTree:node_modules/@jridgewell/trace-mapping Completed in 1ms
544 timing idealTree:node_modules/@jridgewell/resolve-uri Completed in 0ms
545 timing idealTree:node_modules/commander Completed in 0ms
546 timing idealTree:node_modules/lines-and-columns Completed in 0ms
547 silly placeDep ROOT any-promise@1.3.0 OK for: mz@2.7.0 want: ^1.0.0
548 silly placeDep ROOT object-assign@4.1.1 OK for: mz@2.7.0 want: ^4.0.1
549 silly placeDep ROOT thenify-all@1.6.0 OK for: mz@2.7.0 want: ^1.0.0
550 silly fetch manifest thenify@>= 3.1.0 < 4
551 http fetch GET 200 https://registry.npmjs.org/thenify 62ms (cache hit)
552 timing idealTree:node_modules/mz Completed in 69ms
553 timing idealTree:node_modules/any-promise Completed in 0ms
554 timing idealTree:node_modules/object-assign Completed in 0ms
555 timing idealTree:node_modules/pirates Completed in 0ms
556 timing idealTree:node_modules/supports-preserve-symlinks-flag Completed in 0ms
557 silly placeDep ROOT thenify@3.3.1 OK for: thenify-all@1.6.0 want: >= 3.1.0 < 4
558 timing idealTree:node_modules/thenify-all Completed in 3ms
559 timing idealTree:node_modules/thenify Completed in 0ms
560 silly placeDep node_modules/tinyglobby fdir@6.5.0 OK for: tinyglobby@0.2.15 want: ^6.5.0
561 silly placeDep node_modules/tinyglobby picomatch@4.0.3 OK for: fdir@6.5.0 want: ^3 || ^4
562 timing idealTree:node_modules/tinyglobby Completed in 5ms
563 silly placeDep ROOT is-number@7.0.0 OK for: to-regex-range@5.0.1 want: ^7.0.0
564 timing idealTree:node_modules/to-regex-range Completed in 2ms
565 timing idealTree:node_modules/is-number Completed in 0ms
566 timing idealTree:node_modules/ts-interface-checker Completed in 0ms
567 silly placeDep ROOT escalade@3.2.0 OK for: update-browserslist-db@1.2.2 want: ^3.2.0
568 timing idealTree:node_modules/update-browserslist-db Completed in 1ms
569 timing idealTree:node_modules/escalade Completed in 0ms
570 timing idealTree:node_modules/util-deprecate Completed in 0ms
571 silly placeDep ROOT esbuild@0.21.5 OK for: vite@5.4.21 want: ^0.21.3
572 silly placeDep ROOT rollup@4.53.3 OK for: vite@5.4.21 want: ^4.20.0
573 silly fetch manifest @esbuild/aix-ppc64@0.21.5
574 silly fetch manifest @esbuild/linux-arm@0.21.5
575 silly fetch manifest @esbuild/linux-x64@0.21.5
576 silly fetch manifest @esbuild/sunos-x64@0.21.5
577 silly fetch manifest @esbuild/win32-x64@0.21.5
578 silly fetch manifest @esbuild/darwin-x64@0.21.5
579 silly fetch manifest @esbuild/linux-ia32@0.21.5
580 silly fetch manifest @esbuild/netbsd-x64@0.21.5
581 silly fetch manifest @esbuild/win32-ia32@0.21.5
582 silly fetch manifest @esbuild/android-arm@0.21.5
583 silly fetch manifest @esbuild/android-x64@0.21.5
584 silly fetch manifest @esbuild/freebsd-x64@0.21.5
585 silly fetch manifest @esbuild/linux-arm64@0.21.5
586 silly fetch manifest @esbuild/linux-ppc64@0.21.5
587 silly fetch manifest @esbuild/linux-s390x@0.21.5
588 silly fetch manifest @esbuild/openbsd-x64@0.21.5
589 silly fetch manifest @esbuild/win32-arm64@0.21.5
590 silly fetch manifest @esbuild/darwin-arm64@0.21.5
591 silly fetch manifest @esbuild/android-arm64@0.21.5
592 silly fetch manifest @esbuild/freebsd-arm64@0.21.5
593 silly fetch manifest @esbuild/linux-loong64@0.21.5
594 silly fetch manifest @esbuild/linux-riscv64@0.21.5
595 silly fetch manifest @esbuild/linux-mips64el@0.21.5
596 silly fetch manifest @types/estree@1.0.8
597 silly fetch manifest @rollup/rollup-darwin-arm64@4.53.3
598 silly fetch manifest @rollup/rollup-android-arm64@4.53.3
599 silly fetch manifest @rollup/rollup-win32-arm64-msvc@4.53.3
600 silly fetch manifest @rollup/rollup-freebsd-arm64@4.53.3
601 silly fetch manifest @rollup/rollup-linux-arm64-gnu@4.53.3
602 silly fetch manifest @rollup/rollup-linux-arm64-musl@4.53.3
603 silly fetch manifest @rollup/rollup-android-arm-eabi@4.53.3
604 silly fetch manifest @rollup/rollup-linux-arm-gnueabihf@4.53.3
605 silly fetch manifest @rollup/rollup-linux-arm-musleabihf@4.53.3
606 silly fetch manifest @rollup/rollup-win32-ia32-msvc@4.53.3
607 silly fetch manifest @rollup/rollup-linux-loong64-gnu@4.53.3
608 silly fetch manifest @rollup/rollup-linux-riscv64-gnu@4.53.3
609 silly fetch manifest @rollup/rollup-linux-riscv64-musl@4.53.3
610 silly fetch manifest @rollup/rollup-linux-ppc64-gnu@4.53.3
611 silly fetch manifest @rollup/rollup-linux-s390x-gnu@4.53.3
612 silly fetch manifest @rollup/rollup-darwin-x64@4.53.3
613 silly fetch manifest @rollup/rollup-win32-x64-gnu@4.53.3
614 silly fetch manifest @rollup/rollup-win32-x64-msvc@4.53.3
615 silly fetch manifest @rollup/rollup-freebsd-x64@4.53.3
616 silly fetch manifest @rollup/rollup-linux-x64-gnu@4.53.3
617 silly fetch manifest @rollup/rollup-linux-x64-musl@4.53.3
618 silly fetch manifest @rollup/rollup-openharmony-arm64@4.53.3
619 http fetch GET 200 https://registry.npmjs.org/@esbuild%2flinux-x64 747ms (cache hit)
620 http fetch GET 200 https://registry.npmjs.org/@esbuild%2faix-ppc64 752ms (cache hit)
621 http fetch GET 200 https://registry.npmjs.org/@esbuild%2fwin32-x64 750ms (cache hit)
622 http fetch GET 200 https://registry.npmjs.org/@esbuild%2fsunos-x64 753ms (cache hit)
623 http fetch GET 200 https://registry.npmjs.org/@esbuild%2flinux-arm 758ms (cache hit)
624 http fetch GET 200 https://registry.npmjs.org/@esbuild%2flinux-ia32 756ms (cache hit)
625 http fetch GET 200 https://registry.npmjs.org/@esbuild%2fwin32-ia32 757ms (cache hit)
626 http fetch GET 200 https://registry.npmjs.org/@esbuild%2fdarwin-x64 763ms (cache hit)
627 http fetch GET 200 https://registry.npmjs.org/@esbuild%2flinux-arm64 756ms (cache hit)
628 http fetch GET 200 https://registry.npmjs.org/@esbuild%2flinux-ppc64 758ms (cache hit)
629 http fetch GET 200 https://registry.npmjs.org/@esbuild%2fandroid-arm 764ms (cache hit)
630 http fetch GET 200 https://registry.npmjs.org/@esbuild%2fnetbsd-x64 769ms (cache hit)
631 http fetch GET 200 https://registry.npmjs.org/@esbuild%2fopenbsd-x64 762ms (cache hit)
632 http fetch GET 200 https://registry.npmjs.org/@esbuild%2flinux-s390x 766ms (cache hit)
633 http fetch GET 200 https://registry.npmjs.org/@esbuild%2flinux-mips64el 759ms (cache hit)
634 http fetch GET 200 https://registry.npmjs.org/@esbuild%2fandroid-x64 774ms (cache hit)
635 http fetch GET 200 https://registry.npmjs.org/@esbuild%2ffreebsd-x64 774ms (cache hit)
636 http fetch GET 200 https://registry.npmjs.org/@esbuild%2fandroid-arm64 768ms (cache hit)
637 http fetch GET 200 https://registry.npmjs.org/@types%2festree 764ms (cache hit)
638 http fetch GET 200 https://registry.npmjs.org/@esbuild%2fwin32-arm64 774ms (cache hit)
639 http fetch GET 200 https://registry.npmjs.org/@esbuild%2fdarwin-arm64 775ms (cache hit)
640 http fetch GET 200 https://registry.npmjs.org/@esbuild%2flinux-riscv64 772ms (cache hit)
641 http fetch GET 200 https://registry.npmjs.org/@rollup%2frollup-freebsd-arm64 772ms (cache hit)
642 http fetch GET 200 https://registry.npmjs.org/@esbuild%2flinux-loong64 782ms (cache hit)
643 http fetch GET 200 https://registry.npmjs.org/@rollup%2frollup-android-arm64 780ms (cache hit)
644 http fetch GET 200 https://registry.npmjs.org/@rollup%2frollup-darwin-arm64 784ms (cache hit)
645 http fetch GET 200 https://registry.npmjs.org/@rollup%2frollup-win32-arm64-msvc 783ms (cache hit)
646 http fetch GET 200 https://registry.npmjs.org/@rollup%2frollup-linux-arm64-gnu 783ms (cache hit)
647 http fetch GET 200 https://registry.npmjs.org/@esbuild%2ffreebsd-arm64 795ms (cache hit)
648 http fetch GET 200 https://registry.npmjs.org/@rollup%2frollup-linux-arm-gnueabihf 783ms (cache hit)
649 http fetch GET 200 https://registry.npmjs.org/@rollup%2frollup-linux-riscv64-musl 776ms (cache hit)
650 http fetch GET 200 https://registry.npmjs.org/@rollup%2frollup-linux-arm64-musl 789ms (cache hit)
651 http fetch GET 200 https://registry.npmjs.org/@rollup%2frollup-linux-ppc64-gnu 778ms (cache hit)
652 http fetch GET 200 https://registry.npmjs.org/@rollup%2frollup-linux-loong64-gnu 784ms (cache hit)
653 http fetch GET 200 https://registry.npmjs.org/@rollup%2frollup-android-arm-eabi 793ms (cache hit)
654 http fetch GET 200 https://registry.npmjs.org/@rollup%2frollup-win32-ia32-msvc 790ms (cache hit)
655 http fetch GET 200 https://registry.npmjs.org/@rollup%2frollup-linux-riscv64-gnu 790ms (cache hit)
656 http fetch GET 200 https://registry.npmjs.org/@rollup%2frollup-win32-x64-msvc 776ms (cache hit)
657 http fetch GET 200 https://registry.npmjs.org/@rollup%2frollup-freebsd-x64 776ms (cache hit)
658 http fetch GET 200 https://registry.npmjs.org/@rollup%2frollup-linux-arm-musleabihf 801ms (cache hit)
659 http fetch GET 200 https://registry.npmjs.org/@rollup%2frollup-linux-x64-gnu 780ms (cache hit)
660 http fetch GET 200 https://registry.npmjs.org/@rollup%2frollup-linux-x64-musl 780ms (cache hit)
661 http fetch GET 200 https://registry.npmjs.org/@rollup%2frollup-win32-x64-gnu 789ms (cache hit)
662 http fetch GET 200 https://registry.npmjs.org/@rollup%2frollup-linux-s390x-gnu 800ms (cache hit)
663 http fetch GET 200 https://registry.npmjs.org/@rollup%2frollup-openharmony-arm64 785ms (cache hit)
664 http fetch GET 200 https://registry.npmjs.org/@rollup%2frollup-darwin-x64 802ms (cache hit)
665 timing idealTree:node_modules/vite Completed in 858ms
666 silly placeDep ROOT @esbuild/aix-ppc64@0.21.5 OK for: esbuild@0.21.5 want: 0.21.5
667 silly placeDep ROOT @esbuild/android-arm@0.21.5 OK for: esbuild@0.21.5 want: 0.21.5
668 silly placeDep ROOT @esbuild/android-arm64@0.21.5 OK for: esbuild@0.21.5 want: 0.21.5
669 silly placeDep ROOT @esbuild/android-x64@0.21.5 OK for: esbuild@0.21.5 want: 0.21.5
670 silly placeDep ROOT @esbuild/darwin-arm64@0.21.5 OK for: esbuild@0.21.5 want: 0.21.5
671 silly placeDep ROOT @esbuild/darwin-x64@0.21.5 OK for: esbuild@0.21.5 want: 0.21.5
672 silly placeDep ROOT @esbuild/freebsd-arm64@0.21.5 OK for: esbuild@0.21.5 want: 0.21.5
673 silly placeDep ROOT @esbuild/freebsd-x64@0.21.5 OK for: esbuild@0.21.5 want: 0.21.5
674 silly placeDep ROOT @esbuild/linux-arm@0.21.5 OK for: esbuild@0.21.5 want: 0.21.5
675 silly placeDep ROOT @esbuild/linux-arm64@0.21.5 OK for: esbuild@0.21.5 want: 0.21.5
676 silly placeDep ROOT @esbuild/linux-ia32@0.21.5 OK for: esbuild@0.21.5 want: 0.21.5
677 silly placeDep ROOT @esbuild/linux-loong64@0.21.5 OK for: esbuild@0.21.5 want: 0.21.5
678 silly placeDep ROOT @esbuild/linux-mips64el@0.21.5 OK for: esbuild@0.21.5 want: 0.21.5
679 silly placeDep ROOT @esbuild/linux-ppc64@0.21.5 OK for: esbuild@0.21.5 want: 0.21.5
680 silly placeDep ROOT @esbuild/linux-riscv64@0.21.5 OK for: esbuild@0.21.5 want: 0.21.5
681 silly placeDep ROOT @esbuild/linux-s390x@0.21.5 OK for: esbuild@0.21.5 want: 0.21.5
682 silly placeDep ROOT @esbuild/linux-x64@0.21.5 OK for: esbuild@0.21.5 want: 0.21.5
683 silly placeDep ROOT @esbuild/netbsd-x64@0.21.5 OK for: esbuild@0.21.5 want: 0.21.5
684 silly placeDep ROOT @esbuild/openbsd-x64@0.21.5 OK for: esbuild@0.21.5 want: 0.21.5
685 silly placeDep ROOT @esbuild/sunos-x64@0.21.5 OK for: esbuild@0.21.5 want: 0.21.5
686 silly placeDep ROOT @esbuild/win32-arm64@0.21.5 OK for: esbuild@0.21.5 want: 0.21.5
687 silly placeDep ROOT @esbuild/win32-ia32@0.21.5 OK for: esbuild@0.21.5 want: 0.21.5
688 silly placeDep ROOT @esbuild/win32-x64@0.21.5 OK for: esbuild@0.21.5 want: 0.21.5
689 timing idealTree:node_modules/esbuild Completed in 27ms
690 timing idealTree:node_modules/@esbuild/aix-ppc64 Completed in 0ms
691 timing idealTree:node_modules/@esbuild/android-arm Completed in 0ms
692 timing idealTree:node_modules/@esbuild/android-arm64 Completed in 0ms
693 timing idealTree:node_modules/@esbuild/android-x64 Completed in 0ms
694 timing idealTree:node_modules/@esbuild/darwin-arm64 Completed in 0ms
695 timing idealTree:node_modules/@esbuild/darwin-x64 Completed in 0ms
696 timing idealTree:node_modules/@esbuild/freebsd-arm64 Completed in 1ms
697 timing idealTree:node_modules/@esbuild/freebsd-x64 Completed in 0ms
698 timing idealTree:node_modules/@esbuild/linux-arm Completed in 0ms
699 timing idealTree:node_modules/@esbuild/linux-arm64 Completed in 0ms
700 timing idealTree:node_modules/@esbuild/linux-ia32 Completed in 0ms
701 timing idealTree:node_modules/@esbuild/linux-loong64 Completed in 0ms
702 timing idealTree:node_modules/@esbuild/linux-mips64el Completed in 0ms
703 timing idealTree:node_modules/@esbuild/linux-ppc64 Completed in 0ms
704 timing idealTree:node_modules/@esbuild/linux-riscv64 Completed in 0ms
705 timing idealTree:node_modules/@esbuild/linux-s390x Completed in 0ms
706 timing idealTree:node_modules/@esbuild/linux-x64 Completed in 0ms
707 timing idealTree:node_modules/@esbuild/netbsd-x64 Completed in 0ms
708 timing idealTree:node_modules/@esbuild/openbsd-x64 Completed in 0ms
709 timing idealTree:node_modules/@esbuild/sunos-x64 Completed in 0ms
710 timing idealTree:node_modules/@esbuild/win32-arm64 Completed in 0ms
711 timing idealTree:node_modules/@esbuild/win32-ia32 Completed in 0ms
712 timing idealTree:node_modules/@esbuild/win32-x64 Completed in 0ms
713 silly placeDep ROOT @rollup/rollup-android-arm-eabi@4.53.3 OK for: rollup@4.53.3 want: 4.53.3
714 silly placeDep ROOT @rollup/rollup-android-arm64@4.53.3 OK for: rollup@4.53.3 want: 4.53.3
715 silly placeDep ROOT @rollup/rollup-darwin-arm64@4.53.3 OK for: rollup@4.53.3 want: 4.53.3
716 silly placeDep ROOT @rollup/rollup-darwin-x64@4.53.3 OK for: rollup@4.53.3 want: 4.53.3
717 silly placeDep ROOT @rollup/rollup-freebsd-arm64@4.53.3 OK for: rollup@4.53.3 want: 4.53.3
718 silly placeDep ROOT @rollup/rollup-freebsd-x64@4.53.3 OK for: rollup@4.53.3 want: 4.53.3
719 silly placeDep ROOT @rollup/rollup-linux-arm-gnueabihf@4.53.3 OK for: rollup@4.53.3 want: 4.53.3
720 silly placeDep ROOT @rollup/rollup-linux-arm-musleabihf@4.53.3 OK for: rollup@4.53.3 want: 4.53.3
721 silly placeDep ROOT @rollup/rollup-linux-arm64-gnu@4.53.3 OK for: rollup@4.53.3 want: 4.53.3
722 silly placeDep ROOT @rollup/rollup-linux-arm64-musl@4.53.3 OK for: rollup@4.53.3 want: 4.53.3
723 silly placeDep ROOT @rollup/rollup-linux-loong64-gnu@4.53.3 OK for: rollup@4.53.3 want: 4.53.3
724 silly placeDep ROOT @rollup/rollup-linux-ppc64-gnu@4.53.3 OK for: rollup@4.53.3 want: 4.53.3
725 silly placeDep ROOT @rollup/rollup-linux-riscv64-gnu@4.53.3 OK for: rollup@4.53.3 want: 4.53.3
726 silly placeDep ROOT @rollup/rollup-linux-riscv64-musl@4.53.3 OK for: rollup@4.53.3 want: 4.53.3
727 silly placeDep ROOT @rollup/rollup-linux-s390x-gnu@4.53.3 OK for: rollup@4.53.3 want: 4.53.3
728 silly placeDep ROOT @rollup/rollup-linux-x64-gnu@4.53.3 OK for: rollup@4.53.3 want: 4.53.3
729 silly placeDep ROOT @rollup/rollup-linux-x64-musl@4.53.3 OK for: rollup@4.53.3 want: 4.53.3
730 silly placeDep ROOT @rollup/rollup-openharmony-arm64@4.53.3 OK for: rollup@4.53.3 want: 4.53.3
731 silly placeDep ROOT @rollup/rollup-win32-arm64-msvc@4.53.3 OK for: rollup@4.53.3 want: 4.53.3
732 silly placeDep ROOT @rollup/rollup-win32-ia32-msvc@4.53.3 OK for: rollup@4.53.3 want: 4.53.3
733 silly placeDep ROOT @rollup/rollup-win32-x64-gnu@4.53.3 OK for: rollup@4.53.3 want: 4.53.3
734 silly placeDep ROOT @rollup/rollup-win32-x64-msvc@4.53.3 OK for: rollup@4.53.3 want: 4.53.3
735 silly placeDep ROOT @types/estree@1.0.8 OK for: rollup@4.53.3 want: 1.0.8
736 timing idealTree:node_modules/rollup Completed in 32ms
737 timing idealTree:node_modules/@rollup/rollup-android-arm-eabi Completed in 0ms
738 timing idealTree:node_modules/@rollup/rollup-android-arm64 Completed in 0ms
739 timing idealTree:node_modules/@rollup/rollup-darwin-arm64 Completed in 0ms
740 timing idealTree:node_modules/@rollup/rollup-darwin-x64 Completed in 0ms
741 timing idealTree:node_modules/@rollup/rollup-freebsd-arm64 Completed in 0ms
742 timing idealTree:node_modules/@rollup/rollup-freebsd-x64 Completed in 1ms
743 timing idealTree:node_modules/@rollup/rollup-linux-arm-gnueabihf Completed in 0ms
744 timing idealTree:node_modules/@rollup/rollup-linux-arm-musleabihf Completed in 0ms
745 timing idealTree:node_modules/@rollup/rollup-linux-arm64-gnu Completed in 0ms
746 timing idealTree:node_modules/@rollup/rollup-linux-arm64-musl Completed in 0ms
747 timing idealTree:node_modules/@rollup/rollup-linux-loong64-gnu Completed in 0ms
748 timing idealTree:node_modules/@rollup/rollup-linux-ppc64-gnu Completed in 0ms
749 timing idealTree:node_modules/@rollup/rollup-linux-riscv64-gnu Completed in 0ms
750 timing idealTree:node_modules/@rollup/rollup-linux-riscv64-musl Completed in 0ms
751 timing idealTree:node_modules/@rollup/rollup-linux-s390x-gnu Completed in 0ms
752 timing idealTree:node_modules/@rollup/rollup-linux-x64-gnu Completed in 0ms
753 timing idealTree:node_modules/@rollup/rollup-linux-x64-musl Completed in 0ms
754 timing idealTree:node_modules/@rollup/rollup-openharmony-arm64 Completed in 0ms
755 timing idealTree:node_modules/@rollup/rollup-win32-arm64-msvc Completed in 0ms
756 timing idealTree:node_modules/@rollup/rollup-win32-ia32-msvc Completed in 0ms
757 timing idealTree:node_modules/@rollup/rollup-win32-x64-gnu Completed in 0ms
758 timing idealTree:node_modules/@rollup/rollup-win32-x64-msvc Completed in 0ms
759 timing idealTree:node_modules/@types/estree Completed in 0ms
760 timing idealTree:node_modules/vite-plugin-full-reload Completed in 0ms
761 silly fetch manifest vue@3.5.25
762 silly placeDep ROOT @vue/compiler-dom@3.5.25 OK for: vue@3.5.25 want: 3.5.25
763 silly placeDep ROOT @vue/compiler-sfc@3.5.25 OK for: vue@3.5.25 want: 3.5.25
764 silly placeDep ROOT @vue/runtime-dom@3.5.25 OK for: vue@3.5.25 want: 3.5.25
765 silly placeDep ROOT @vue/server-renderer@3.5.25 OK for: vue@3.5.25 want: 3.5.25
766 silly placeDep ROOT @vue/shared@3.5.25 OK for: vue@3.5.25 want: 3.5.25
767 silly fetch manifest @vue/compiler-core@3.5.25
768 silly fetch manifest magic-string@^0.30.21
769 silly fetch manifest @babel/parser@^7.28.5
770 silly fetch manifest estree-walker@^2.0.2
771 silly fetch manifest @vue/compiler-ssr@3.5.25
772 silly fetch manifest csstype@^3.1.3
773 silly fetch manifest @vue/reactivity@3.5.25
774 silly fetch manifest @vue/runtime-core@3.5.25
775 http fetch GET 200 https://registry.npmjs.org/estree-walker 120ms (cache hit)
776 http fetch GET 200 https://registry.npmjs.org/@vue%2fcompiler-core 133ms (cache hit)
777 http fetch GET 200 https://registry.npmjs.org/@vue%2fcompiler-ssr 137ms (cache hit)
778 http fetch GET 200 https://registry.npmjs.org/@babel%2fparser 143ms (cache hit)
779 http fetch GET 200 https://registry.npmjs.org/@vue%2fruntime-core 142ms (cache hit)
780 http fetch GET 200 https://registry.npmjs.org/magic-string 152ms (cache hit)
781 http fetch GET 200 https://registry.npmjs.org/csstype 150ms (cache hit)
782 http fetch GET 200 https://registry.npmjs.org/@vue%2freactivity 152ms (cache hit)
783 timing idealTree:node_modules/vue Completed in 171ms
784 silly placeDep ROOT @vue/compiler-core@3.5.25 OK for: @vue/compiler-dom@3.5.25 want: 3.5.25
785 silly fetch manifest entities@^4.5.0
786 http fetch GET 200 https://registry.npmjs.org/entities 62ms (cache hit)
787 timing idealTree:node_modules/@vue/compiler-dom Completed in 66ms
788 silly placeDep ROOT @babel/parser@7.28.5 OK for: @vue/compiler-core@3.5.25 want: ^7.28.5
789 silly placeDep ROOT entities@4.5.0 OK for: @vue/compiler-core@3.5.25 want: ^4.5.0
790 silly placeDep ROOT estree-walker@2.0.2 OK for: @vue/compiler-core@3.5.25 want: ^2.0.2
791 silly fetch manifest @babel/types@^7.28.5
792 http fetch GET 200 https://registry.npmjs.org/@babel%2ftypes 64ms (cache hit)
793 timing idealTree:node_modules/@vue/compiler-core Completed in 75ms
794 silly placeDep ROOT @babel/types@7.28.5 OK for: @babel/parser@7.28.5 want: ^7.28.5
795 silly fetch manifest @babel/helper-string-parser@^7.27.1
796 silly fetch manifest @babel/helper-validator-identifier@^7.28.5
797 http fetch GET 200 https://registry.npmjs.org/@babel%2fhelper-validator-identifier 51ms (cache hit)
798 http fetch GET 200 https://registry.npmjs.org/@babel%2fhelper-string-parser 54ms (cache hit)
799 timing idealTree:node_modules/@babel/parser Completed in 58ms
800 silly placeDep ROOT @babel/helper-string-parser@7.27.1 OK for: @babel/types@7.28.5 want: ^7.27.1
801 silly placeDep ROOT @babel/helper-validator-identifier@7.28.5 OK for: @babel/types@7.28.5 want: ^7.28.5
802 timing idealTree:node_modules/@babel/types Completed in 4ms
803 timing idealTree:node_modules/@babel/helper-string-parser Completed in 0ms
804 timing idealTree:node_modules/@babel/helper-validator-identifier Completed in 0ms
805 silly placeDep ROOT @vue/compiler-ssr@3.5.25 OK for: @vue/compiler-sfc@3.5.25 want: 3.5.25
806 silly placeDep ROOT magic-string@0.30.21 OK for: @vue/compiler-sfc@3.5.25 want: ^0.30.21
807 timing idealTree:node_modules/@vue/compiler-sfc Completed in 4ms
808 timing idealTree:node_modules/@vue/compiler-ssr Completed in 0ms
809 silly placeDep ROOT @vue/reactivity@3.5.25 OK for: @vue/runtime-dom@3.5.25 want: 3.5.25
810 silly placeDep ROOT @vue/runtime-core@3.5.25 OK for: @vue/runtime-dom@3.5.25 want: 3.5.25
811 silly placeDep ROOT csstype@3.2.3 OK for: @vue/runtime-dom@3.5.25 want: ^3.1.3
812 timing idealTree:node_modules/@vue/runtime-dom Completed in 5ms
813 timing idealTree:node_modules/@vue/reactivity Completed in 0ms
814 timing idealTree:node_modules/@vue/runtime-core Completed in 0ms
815 timing idealTree:node_modules/@vue/server-renderer Completed in 0ms
816 timing idealTree:node_modules/@vue/shared Completed in 0ms
817 timing idealTree:node_modules/csstype Completed in 0ms
818 timing idealTree:node_modules/entities Completed in 0ms
819 timing idealTree:node_modules/estree-walker Completed in 0ms
820 timing idealTree:node_modules/magic-string Completed in 0ms
821 timing idealTree:node_modules/chokidar/node_modules/glob-parent Completed in 0ms
822 timing idealTree:node_modules/fast-glob/node_modules/glob-parent Completed in 0ms
823 timing idealTree:node_modules/tinyglobby/node_modules/fdir Completed in 0ms
824 timing idealTree:node_modules/tinyglobby/node_modules/picomatch Completed in 0ms
825 timing idealTree:buildDeps Completed in 6645ms
826 timing idealTree:fixDepFlags Completed in 3ms
827 timing idealTree Completed in 6679ms
828 timing command:install Completed in 6687ms
829 verbose type range
830 verbose stack @headlessui/vue: No matching version found for @headlessui/vue@^2.0.0.
830 verbose stack     at module.exports (/usr/share/nodejs/npm/node_modules/npm-pick-manifest/lib/index.js:209:23)
830 verbose stack     at RegistryFetcher.manifest (/usr/share/nodejs/pacote/lib/registry.js:117:22)
830 verbose stack     at async [nodeFromEdge] (/usr/share/nodejs/@npmcli/arborist/lib/arborist/build-ideal-tree.js:1058:19)
830 verbose stack     at async [buildDepStep] (/usr/share/nodejs/@npmcli/arborist/lib/arborist/build-ideal-tree.js:928:11)
830 verbose stack     at async Arborist.buildIdealTree (/usr/share/nodejs/@npmcli/arborist/lib/arborist/build-ideal-tree.js:206:7)
830 verbose stack     at async Promise.all (index 1)
830 verbose stack     at async Arborist.reify (/usr/share/nodejs/@npmcli/arborist/lib/arborist/reify.js:156:5)
830 verbose stack     at async Install.exec (/usr/share/nodejs/npm/lib/commands/install.js:146:5)
830 verbose stack     at async module.exports (/usr/share/nodejs/npm/lib/cli.js:133:5)
831 verbose cwd /var/www
832 verbose Linux 6.6.87.2-microsoft-standard-WSL2
833 verbose node v20.19.2
834 verbose npm  v9.2.0
835 error code ETARGET
836 error notarget No matching version found for @headlessui/vue@^2.0.0.
837 error notarget In most cases you or one of your dependencies are requesting
837 error notarget a package version that doesn't exist.
838 verbose exit 1
839 timing npm Completed in 6769ms
840 verbose unfinished npm timer reify 1765007552594
841 verbose unfinished npm timer reify:loadTrees 1765007552597
842 verbose code 1
843 error A complete log of this run can be found in:
843 error     /var/www/.npm/_logs/2025-12-06T07_52_32_526Z-debug-0.log
