0 verbose cli /usr/bin/node /usr/bin/npm
1 info using npm@9.2.0
2 info using node@v20.19.2
3 timing npm:load:whichnode Completed in 0ms
4 timing config:load:defaults Completed in 2ms
5 timing config:load:file:/usr/share/nodejs/npm/npmrc Completed in 4ms
6 timing config:load:builtin Completed in 4ms
7 timing config:load:cli Completed in 1ms
8 timing config:load:env Completed in 1ms
9 timing config:load:project Completed in 5ms
10 timing config:load:file:/var/www/.npmrc Completed in 1ms
11 timing config:load:user Completed in 2ms
12 timing config:load:file:/etc/npmrc Completed in 0ms
13 timing config:load:global Completed in 0ms
14 timing config:load:setEnvs Completed in 1ms
15 timing config:load Completed in 16ms
16 timing npm:load:configload Completed in 16ms
17 timing npm:load:mkdirpcache Completed in 3ms
18 timing npm:load:mkdirplogs Completed in 5ms
19 verbose title npm view @headlessui/vue versions
20 verbose argv "view" "@headlessui/vue" "versions"
21 timing npm:load:setTitle Completed in 2ms
22 timing config:load:flatten Completed in 2ms
23 timing npm:load:display Completed in 2ms
24 verbose logfile logs-max:10 dir:/var/www/.npm/_logs/2025-12-06T07_57_21_915Z-
25 verbose logfile /var/www/.npm/_logs/2025-12-06T07_57_21_915Z-debug-0.log
26 timing npm:load:logFile Completed in 30ms
27 timing npm:load:timers Completed in 1ms
28 timing npm:load:configScope Completed in 0ms
29 timing npm:load Completed in 65ms
30 silly logfile done cleaning log files
31 timing config:load:flatten Completed in 2ms
32 http fetch GET 200 https://registry.npmjs.org/@headlessui%2fvue 2161ms (cache miss)
33 timing command:view Completed in 2222ms
34 verbose exit 0
35 timing npm Completed in 2313ms
36 info ok
